
> blogplatform@0.1.0 dev
> next dev

▲ Next.js 16.2.3 (Turbopack)
- Local:         http://localhost:3000
- Network:       http://10.75.174.237:3000
✓ Ready in 419ms
⚠ Warning: Next.js inferred your workspace root, but it may not be correct.
 We detected multiple lockfiles and selected the directory of /Users/vinothanandgani/package-lock.json as the root directory.
 To silence this warning, set `turbopack.root` in your Next.js config, or consider removing one of the lockfiles if it's not needed.
   See https://nextjs.org/docs/app/api-reference/config/next-config-js/turbopack#root-directory for more information.
 Detected additional lockfiles: 
   * /Users/vinothanandgani/Dev/BlogPlatform/client/package-lock.json


 GET /member/dashboard 200 in 293ms (next.js: 124ms, application-code: 169ms)
 GET /blogs 200 in 70ms (next.js: 17ms, application-code: 53ms)
 GET / 200 in 67ms (next.js: 17ms, application-code: 50ms)
 GET /blogs 200 in 51ms (next.js: 9ms, application-code: 42ms)
 GET /admin/profile 200 in 468ms (next.js: 449ms, application-code: 18ms)
 GET /admin/dashboard 200 in 53ms (next.js: 31ms, application-code: 22ms)
 GET /member/profile 200 in 353ms (next.js: 336ms, application-code: 17ms)
✓ Compiled in 242ms
✓ Compiled in 27ms
✓ Compiled in 27ms
[?25h
