(node:33728) [DEP0169] DeprecationWarning: `url.parse()` behavior is not standardized and prone to errors that have security implications. Use the WHATWG URL API instead. CVEs are not issued for `url.parse()` vulnerabilities.
(Use `node --trace-deprecation ...` to show where the warning was created)
Server running on http://localhost:5001
[2026-04-11T07:40:55.816Z] [ERROR] Email transporter verification failed {"error":"Invalid login: 535-5.7.8 Username and Password not accepted. For more information, go to\n535 5.7.8  https://support.google.com/mail/?p=BadCredentials d2e1a72fcca58-82f0c506150sm4898120b3a.52 - gsmtp"}
prisma:query SELECT "public"."Blog"."id", "public"."Blog"."title", "public"."Blog"."content", "public"."Blog"."image", "public"."Blog"."links", "public"."Blog"."status"::text, "public"."Blog"."rejection_reason", "public"."Blog"."author_id", "public"."Blog"."created_at", "public"."Blog"."updated_at" FROM "public"."Blog" WHERE 1=1 ORDER BY "public"."Blog"."created_at" DESC OFFSET $1
prisma:query SELECT "public"."User"."id", "public"."User"."name", "public"."User"."email" FROM "public"."User" WHERE "public"."User"."id" IN ($1) OFFSET $2
prisma:query SELECT 1
prisma:query SELECT "public"."Blog"."id", "public"."Blog"."title", "public"."Blog"."content", "public"."Blog"."image", "public"."Blog"."links", "public"."Blog"."status"::text, "public"."Blog"."rejection_reason", "public"."Blog"."author_id", "public"."Blog"."created_at", "public"."Blog"."updated_at" FROM "public"."Blog" WHERE 1=1 ORDER BY "public"."Blog"."created_at" DESC OFFSET $1
prisma:query SELECT "public"."User"."id", "public"."User"."name", "public"."User"."email" FROM "public"."User" WHERE "public"."User"."id" IN ($1) OFFSET $2
prisma:query SELECT 1
prisma:query SELECT "public"."Blog"."id", "public"."Blog"."title", "public"."Blog"."content", "public"."Blog"."image", "public"."Blog"."links", "public"."Blog"."status"::text, "public"."Blog"."rejection_reason", "public"."Blog"."author_id", "public"."Blog"."created_at", "public"."Blog"."updated_at" FROM "public"."Blog" WHERE 1=1 ORDER BY "public"."Blog"."created_at" DESC OFFSET $1
prisma:query SELECT "public"."User"."id", "public"."User"."name", "public"."User"."email" FROM "public"."User" WHERE "public"."User"."id" IN ($1) OFFSET $2
prisma:query SELECT 1
prisma:query SELECT "public"."Blog"."id", "public"."Blog"."title", "public"."Blog"."content", "public"."Blog"."image", "public"."Blog"."links", "public"."Blog"."status"::text, "public"."Blog"."rejection_reason", "public"."Blog"."author_id", "public"."Blog"."created_at", "public"."Blog"."updated_at" FROM "public"."Blog" WHERE 1=1 ORDER BY "public"."Blog"."created_at" DESC OFFSET $1
prisma:query SELECT "public"."User"."id", "public"."User"."name", "public"."User"."email" FROM "public"."User" WHERE "public"."User"."id" IN ($1) OFFSET $2
prisma:query SELECT "public"."Blog"."id", "public"."Blog"."title", "public"."Blog"."content", "public"."Blog"."image", "public"."Blog"."links", "public"."Blog"."status"::text, "public"."Blog"."rejection_reason", "public"."Blog"."author_id", "public"."Blog"."created_at", "public"."Blog"."updated_at" FROM "public"."Blog" WHERE 1=1 ORDER BY "public"."Blog"."created_at" DESC OFFSET $1
prisma:query SELECT "public"."User"."id", "public"."User"."name", "public"."User"."email" FROM "public"."User" WHERE "public"."User"."id" IN ($1) OFFSET $2
prisma:query SELECT 1
prisma:query SELECT "public"."Blog"."id", "public"."Blog"."title", "public"."Blog"."content", "public"."Blog"."image", "public"."Blog"."links", "public"."Blog"."status"::text, "public"."Blog"."rejection_reason", "public"."Blog"."author_id", "public"."Blog"."created_at", "public"."Blog"."updated_at" FROM "public"."Blog" WHERE 1=1 ORDER BY "public"."Blog"."created_at" DESC OFFSET $1
prisma:query SELECT "public"."User"."id", "public"."User"."name", "public"."User"."email" FROM "public"."User" WHERE "public"."User"."id" IN ($1) OFFSET $2
prisma:query SELECT 1
prisma:query SELECT "public"."Blog"."id", "public"."Blog"."title", "public"."Blog"."content", "public"."Blog"."image", "public"."Blog"."links", "public"."Blog"."status"::text, "public"."Blog"."rejection_reason", "public"."Blog"."author_id", "public"."Blog"."created_at", "public"."Blog"."updated_at" FROM "public"."Blog" WHERE 1=1 ORDER BY "public"."Blog"."created_at" DESC OFFSET $1
prisma:query SELECT "public"."User"."id", "public"."User"."name", "public"."User"."email" FROM "public"."User" WHERE "public"."User"."id" IN ($1) OFFSET $2
[2026-04-11T07:46:57.953Z] [ERROR] Application error {"message":"Invalid credentials","stack":"Error: Invalid credentials\n    at Module.login (file:///Users/vinothanandgani/Dev/BlogPlatform/Server/src/services/auth.service.js:117:11)\n    at async file:///Users/vinothanandgani/Dev/BlogPlatform/Server/src/controllers/auth.controller.js:78:18","path":"/api/auth/login","method":"POST"}
prisma:query SELECT "public"."Blog"."id", "public"."Blog"."title", "public"."Blog"."content", "public"."Blog"."image", "public"."Blog"."links", "public"."Blog"."status"::text, "public"."Blog"."rejection_reason", "public"."Blog"."author_id", "public"."Blog"."created_at", "public"."Blog"."updated_at" FROM "public"."Blog" WHERE 1=1 ORDER BY "public"."Blog"."created_at" DESC OFFSET $1
prisma:query SELECT "public"."User"."id", "public"."User"."name", "public"."User"."email" FROM "public"."User" WHERE "public"."User"."id" IN ($1) OFFSET $2
prisma:query SELECT 1
prisma:query SELECT "public"."Blog"."id", "public"."Blog"."title", "public"."Blog"."content", "public"."Blog"."image", "public"."Blog"."links", "public"."Blog"."status"::text, "public"."Blog"."rejection_reason", "public"."Blog"."author_id", "public"."Blog"."created_at", "public"."Blog"."updated_at" FROM "public"."Blog" WHERE 1=1 ORDER BY "public"."Blog"."created_at" DESC OFFSET $1
prisma:query SELECT "public"."User"."id", "public"."User"."name", "public"."User"."email" FROM "public"."User" WHERE "public"."User"."id" IN ($1) OFFSET $2
prisma:query SELECT "public"."Blog"."id", "public"."Blog"."title", "public"."Blog"."content", "public"."Blog"."image", "public"."Blog"."links", "public"."Blog"."status"::text, "public"."Blog"."rejection_reason", "public"."Blog"."author_id", "public"."Blog"."created_at", "public"."Blog"."updated_at" FROM "public"."Blog" WHERE 1=1 ORDER BY "public"."Blog"."created_at" DESC OFFSET $1
prisma:query SELECT "public"."User"."id", "public"."User"."name", "public"."User"."email" FROM "public"."User" WHERE "public"."User"."id" IN ($1) OFFSET $2
prisma:query SELECT "public"."Blog"."id", "public"."Blog"."title", "public"."Blog"."content", "public"."Blog"."image", "public"."Blog"."links", "public"."Blog"."status"::text, "public"."Blog"."rejection_reason", "public"."Blog"."author_id", "public"."Blog"."created_at", "public"."Blog"."updated_at" FROM "public"."Blog" WHERE 1=1 ORDER BY "public"."Blog"."created_at" DESC OFFSET $1
